// Jest Snapshot v1, https://goo.gl/fbAQLP

exports[`SearchBar should render when there is no search term 1`] = `
<div
  className="SearchBar"
>
  <input
    className="Input "
    onChange={[Function]}
    placeholder="Search shows and podcasts"
    type="search"
    value=""
  />
</div>
`;
