// Jest Snapshot v1, https://goo.gl/fbAQLP

exports[`should render Header component 1`] = `
<header
  className="Header"
>
  <SearchBar />
</header>
`;
