// Jest Snapshot v1, https://goo.gl/fbAQLP

exports[`should render EllipsisText component 1`] = `
<span
  class="Ellipsis "
>
  Hello
</span>
`;
